20260304155434_RecreateHRTables
20260311184920_AddProjectMaterialCostLedger
20260311213738_AddProjectDeliverableExternalReviews
20260312013725_AddProjectResourceRoutingRequirements
20260313114533_InitialBaseline
20260313125304_AddAucAccountToFixedAssetCategory
20260315081834_AddCrmSalesEntities
20260315150304_AddCrmCampaignEntities
20260317115118_AddCrmEntities
20260317122200_AddCompetitorEntities
20260407033921_AddProjectPackageBoqFoundation
20260407040955_AddProjectApprovalRegister
20260407043006_AddProjectUnitizationAndVariations
20260407115053_AddProjectHandoverAndDefectsFoundation
20260407122056_AddProjectSalesMaintenanceLinkage
20260407131419_AddProjectUnitReleaseControls
20260408011238_AddProjectPhaseLibraryAndStageGates
20260408014926_AddProjectDesignAndSiteControlsFoundation
20260408030833_AddProjectCommercialAdministrationFoundation
20260408034847_AddProjectUnitHierarchyAndPhasedHandoverFoundation
20260408042842_AddProjectPostHandoverGovernanceFoundation
20260408170651_AddProjectBaseCurrencyCode
20260415150930_AddProjectBoqBudgetWorksheetFields
20260415195704_AddProjectPhaseTemplateCompletionWeight
20260416002321_AddProjectInterimValuationMilestoneProgressLinkage
20260416071512_AddProjectUnitTypeTemplates
20260507212514_AddExtraEmployeeDetailTables
20260507221808_AddHrOraclePayrollMigration
20260507234813_RenameBank_BankBranchToEmployeeBank_EmployeeBankBranch
20260508020458_AddHrPayrollLegacySetupSlices
20260508063814_AddHrPayrollLegacySetupNextSlices
20260508071435_AddHrPayrollLegacySecurityCompanyGradesTax
20260508074802_AddHrPayrollOracleParameterFormFields
20260509041525_AddHrPayrollComponentOracleFields
20260509042233_AddHrPayrollBonusOracleFields
20260509051443_AddHrPayrollComponentNextPayPeriodDate
20260509052030_AddHrPayrollBonusAnnualSalaryPercentToTax
20260509054156_FixPayrollComponentUniqueIndexByType
20260509061247_AddHrPayrollComponentRules
20260509063720_AddHrPayrollBonusRules
20260509103251_AddHrPayrollBonusPayPeriodDates
20260509130729_AddHrPayrollBackpaySetup
20260509174836_AddHrPayrollSalaryAdvances
20260509180129_AddHrPayrollLoanTransactionOracleFields
20260509205441_AddHrPayrollLoanRepaymentScheduleFields
20260509220105_AddHrPayrollEmployeeTaxReliefs
20260509224500_AddHrPayrollComponentExceptionOverrides
20260509234310_AddHrPayrollPromotionArrears
20260510093433_AddHrPayrollOvertimeOpeningContributionTransactions
20260513123236_AddHrPayrollBonusExceptions
20260513125552_AddHrPayrollSeparateBonusRunFields
20260514154500_AddHrPayrollBudgetAnalysisRows
20260516113201_AddPayrollPaymentMethodModeAndExchangeRate
20260516160000_AddPayrollPaymentMethodChequeFields
20260518144539_AddPayrollJournalOracleSetupFields
20260518170000_HardenProtectedSystemRoles
20260518231449_PointTechnicianTeamMembersToEmployees
20260519054945_AddJobCardCustomerBusinessPartner
20260519121500_PointToolCheckoutsToEmployees
20260525145918_AddFinancePurchaseOrders
20260525161606_FinanceAppAPTables
20260526080804_AddTaxGroupToPurchaseOrders
20260526091039_AddSupplierReturns
20260529130858_AddOpeningBalanceAutoRoutingToggle
20260607233542_AddProcurementPlanningCyclePublishBudgetLines
20260608103000_AddDocumentNumbering
20260608180925_AddProcurementStrategicMarketSupplierAnalytics
20260609054619_AddSalesSaleableSourceSetup
20260609110243_AddSalesAllocationReservationLedger
20260610015529_AddInspectionTemplateFleetMobileAssignments
20260610172000_AddFinanceDiscountControlAccounts
20260611110000_AddFinancePurchaseOrderPaymentTerm
20260614103000_EnsureFinanceDiscountControlAccounts
20260615015211_AddMaintenanceAssetMovementAndOfflineFleetInspections
20260615031849_AddInspectionTemplateFailureBillingType
20260615075340_AddInspectionSheetTypesFleetDefaultsAndInspectionWorkflow
20260628132003_AddAccountingBooks
20260628223428_AddOpeningBalanceInvoiceFlags
20260702103000_AddFixedAssetLocation
20260703120000_AddArInvoiceEarlyPaymentDiscountFields
20260703131500_AddSubledgerAdjustmentJournals
20260703143000_AddFixedAssetBookValues
20260704100000_AddCashBankTenantIsolation
20260704110000_AddFinancePostingEvents
20260705100000_HardenFinancePostingEventIdempotency
20260705133000_AddSalesCreditNoteJournalEntryBackReference
20260705143000_AddCashTransactionJournalEntryBackReference
20260705153000_AddCashTransactionWorkflowApprovalState
20260706143000_AddExplicitFinanceTaxTreatmentAndWithholdingFields
20260706153000_AddFxFunctionalCurrencyAndRateSnapshots
20260706170000_AddFxRealizedAndRevaluationAccounting
20260706183000_AddFixedAssetCapitalizationFoundation
20260707002142_AddWorkflowDefinitionLifecycle
20260707040000_AddWorkflowSequentialApprovalGroups
20260707074422_AddWorkflowApprovalPolicySets
20260707080937_AddWorkflowGovernanceOperations
20260707103000_AddFixedAssetDepreciationFoundation
20260707125943_AddWorkflowEvidenceSignatureAndOperations
20260707170000_AddWorkflowDelegationScopedWorkflowSteps
20260708100000_AddFixedAssetRevaluationImpairmentFoundation
20260708110000_AddFixedAssetTransferFoundation
20260708120000_AddFixedAssetDisposalFoundation
20260708132921_AddLandAcquisitionWorkflow
20260708133000_AddSubledgerSettlementReadModels
20260709120000_AddOpeningBalancePostingFoundation
20260710100000_EnsureCurrentArInvoiceTables
20260710192812_AddProcedureCases
20260711011123_LinkProcedureCasesToWorkflowInstances
20260711061802_AddEstateManagedAssets
20260712075757_AddLandAcquisitionMapAndProjectHandoff
20260712082255_AddEstateManagedAssetLandBankFields
20260712180321_AddEstateStageControlsManualLandAndDocuments
20260713002824_LinkEstateOwnershipToBusinessPartner
20260714030000_TenantScopePaymentMethodsAndCheques
20260714103000_AddSubledgerAdjustmentPurpose
20260715205906_AddCentralDocumentManagement
20260715212107_AddEstateDocumentCentralDmsPublication
20260715230135_AddCentralDocumentMetadataValues
20260716120000_AddCentralDocumentGenerationTemplates
20260716143000_AddEstateExternalListings
20260717090000_UseBusinessPartnersForSalesReturnAccounting
20260717110000_AddAdvanceSettlementAndCreditNoteReversalFoundation
20260719120000_FixFinanceWorkflowConformance
20260719193000_HardenFiscalPeriodModuleLocks
20260720010326_AddRecurringJournalWorkflow
20260720033000_LinkApArPaymentsToConfiguredPaymentMethods
20260720043000_AllowRecreatingDeletedPaymentTermCodes
20260720090000_GrantFirstStageFinanceWorkflowPermissions
20260720100000_RetargetBudgetReturnsToSegmentLookupValues
20260720110000_AlignCustomerPaymentsToBusinessPartners
20260720181131_AddHRModule
20260720193000_AddProcurementConfigurationProfiles
20260720193903_AddHRPerformanceModule
20260720221046_AddProcurementPolicyDomain
20260721012643_AddProcurementAccessControls
20260721083614_AddProcurementControlEvents
20260721093000_AddFinanceUnitAccountingTables
20260721100238_AddProcurementMasterDataChangeControls
20260721134533_AddProcurementAppSubmissionRegister
20260721183000_EnsureProcurementMasterDataCancellationTransition
20260721194837_AddProcurementSpecificationTemplates
20260721220201_AddPurchaseRequisitionGovernanceLinkage
20260722023908_AddProcurementRequisitionBudgetCommitments
20260722050707_AddProcurementRequisitionAuthorityRoutes
20260722074659_AddProcurementRequisitionSourcingReleases
20260722101519_AddProcurementCalendarLifecycle
20260722130004_AddProcurementSourcingCases
20260722173828_AddProcurementMethodSelectionControls
20260722202144_MergeHrPortWithMasterPayroll
20260723025539_AddProcurementRfqStatutoryControls
20260723050214_HardenProcurementRfqStatutoryControls
20260723071908_AddProcurementTenderStatutoryControls
20260723120017_AddProcurementExceptionalSourcingControls
20260723145650_AddProcurementPrequalificationLifecycle
20260723161619_AddProcurementPrequalificationPolicyLineage
20260723184003_AddProcurementTenderDocumentControls
20260723214709_AddProcurementEvaluationCommitteeControls
20260723234640_MergeProcurementPhase0
20260724020403_AddProcurementAwardReadinessControls
20260724134047_AddProcurementBidderCommunicationsAndSecurityReturns
20260724175059_AddProcurementGhanepsExchangeControls
20260724203636_AddProcurementSupplierEvidencePacks
20260725111657_AddProcurementSupplierOnboardingTokens
20260726101435_AddProcurementSupplierDueDiligence
20260726174311_AddProcurementSupplierAvlLifecycle
20260726181817_MergeFinanceModule
20260726224147_AddProcurementSupplierRiskAndConcentration
20260727005601_AddProcurementSupplierPerformanceScorecards
20260727101510_AddProcurementSupplierMasterChangeRollout
20260727113854_AddProcurementSupplierApplicantAccess
20260727134547_HardenProcurementSupplierApplicantEvidence
20260727143000_LinkStampDutyToAccountsPayable
20260727214500_EnsureArReturnInvoiceForeignKeys
20260728145753_HardenBudgetingAssignmentsAndIntegrity
20260728170245_AddBudgetLifecycleAndConcurrency
20260728170400_AddAllocationRunBatches
20260728170930_AddEstateGisIntegration
20260728173000_RequireCleanSupplierRegistrationEvidence
20260728181014_AddAccountBalances
20260728192617_AddDurableFileStorageCleanup
20260728210000_AddBudgetOfficialAdoption
20260728210856_EnforceSupplierApplicantIntegrity
20260728211925_AddJournalBatches
20260728213000_AddBankingSettlementSchema
20260728220000_AddFinancialStatementLayouts
20260728230211_AddEstateLandDemarcations
20260729022744_AddSupplierEvidenceDmsLinks
20260729084856_TDC0401FrameworkAgreements
20260729124416_TDC0402FrameworkCallOffs
20260729130000_AddTaxConfigurationVersionsAndDirectionalFxPolicy
20260729153000_TDC0403MandatoryPurchaseOrderSources
20260729171500_TDC0403SourceCapacityEnforcement
20260729210000_TDC0403FrameworkLineageFailClosed
20260730020000_TDC0405PurchaseOrderSodHardStops
20260730024500_TDC0401FrameworkRevisionIndexes
20260730030000_TDC0403RfqAwardSupplierHardStop
20260730031000_TDC0403ExceptionalFrameworkLineage
20260730032601_TDC0406PurchaseOrderAmendments
20260730120000_HardenJournalBatchConcurrencyAndImports
20260730132714_TDC0407ContractActivationGate
20260730150000_TDC0403OrdinarySourceTriggerCorrections
20260730171500_TDC0409WorksCloseoutControl
20260730183000_TDC0402ExtensionSafeCallOffLineage
20260730192500_TDC0402TerminalReviewPaths
20260730204500_TDC0403CommercialCapacityHardStops
20260730215500_TDC0402SharedFrameworkPriceLines
20260730222806_MergeEstateAndProcurementPhase3
20260731091028_AddEstatePropertyRegisterFields
20260731123000_TDC0501ReceiptSourceControl
20260731140000_TDC0502ReceiptInspectionClosure
20260731140309_RepairMissingFinanceSettingsColumns
20260731143000_AddEstatePortalCommercialTerms
20260731143111_MergeProcurementPhase4AndEstateReadiness
20260731150000_AddEstateGroundRentCalculationSetup
20260731153000_TDC0503ReceiptSodClosure
20260731170000_AddEstateGroundRentAdministration
20260731170000_TDC0504MandatoryThreeWayMatch
20260731193000_TDC0505PaymentReadiness
20260731213000_TDC0506InvoiceProcessorPaymentSod
20260731233000_TDC0507InvoiceMatchExceptions
20260801013000_TDC0509ReceiptDocumentLifecycle
20260801060000_TDC0505TerminalReceiptEligibility
20260801073000_TDC0501LegacyReceiptCompatibility
20260801101500_TDC0506HistoricalPaymentSodCompatibility
20260801114500_TDC0509IssuedSnapshotTransition
20260801123000_AddPurchaseOrderCancellationTimestamp
20260801123500_AddBudgetCommitmentConsumptionTimestamp
20260801140000_TDC0502ReceiptReplayAndReplacementLineage
20260801150000_TDC0601InventoryItemIdentifiers
20260801160552_ReconcileFinanceMasterModelSnapshot
20260801170000_TDC0505AllocationReversalUniqueness
20260801204023_TDC0602InventoryMobileScanning
20260801220000_TDC0502ReceiptInspectionActionFingerprints
20260801224538_HrControlledDocumentLinks
20260802002739_TDC0603InventoryTrackingControls
20260802012523_TDC0604InventoryAccessLocations
20260802023830_TDC0605DirectedWarehouseOperations
20260802033000_TDC0506EffectivePaymentAllocations
20260802033223_TDC0606ControlledInventoryIssue
20260802052546_TDC0607ControlledInventoryReturnsAndAdjustments
20260802095353_TDC0608ControlledInventoryTransfers
20260802105457_TDC0609ControlledCycleCounts
20260802120000_AddFinanceAccessScopesAndApPaymentReversals
20260802142906_AddCashBankTransactionReversals
20260802150000_AddArReceiptReversals
20260802153000_TDC0610NegativeStockControl
20260802153959_AddFinancePeriodCloseWorkspace
20260802160000_TDC0611ProjectInventoryReservations
20260802162449_TDC0612InventoryReplenishment
20260802171742_TDC0613InventoryValuationReconciliation
20260802172927_AddFinanceCloseTemplatesAndManualTasks
20260802190000_SeedFinanceCloseControlSetV2
20260802190244_TDC0615InventoryDisposalLifecycle
20260802202554_TDC0616ItemMasterProfile
20260802203000_SeedFinanceCloseControlSetV3
20260803075605_AddFinanceCloseEvidenceAndWaivers
20260803084838_AddFinanceCloseAgingEscalations
20260803110029_AddFinancePeriodReopenApprovals
20260803132236_AddApPaymentEvidenceAndAuthorityControls
20260803144941_AddWhtComplianceLifecycle
20260803163336_AddCashierTillControlWorkspace
20260803182450_AddBankDepositConfirmationControls
20260803183000_Phase6ReviewCycleCountAdjustmentRetirement
20260803193523_AddControlledCashBankDocumentIssuance
20260803213000_Phase6ReviewExactBinNegativeStockGuard
20260803213749_AddCrossCurrencyBankTransfers
20260803233103_Phase6ReviewInventoryTrackingHardening
20260804004500_SerialTrackingTransactionLines
20260804090000_TDC0701ProcurementStatutoryReportCatalogue
20260804100000_TDC0702InventoryStatutoryReportCatalogue
20260804110000_TDC0704AuditComplianceReportCatalogue
20260805100000_TDC0705ConfigurableReportTemplates
20260805104205_HrRemoveDuplicateShadowForeignKeys
20260805114001_MergeFinanceControlHardeningAndSharedReporting
20260805122000_FixSupplierApplicantPaymentAttribution
20260806010613_TDC0706SharedAuditGovernance
20260806082400_TDC0809HrIdentityReconciliation
20260806091039_TDC0808ProcurementCentralDmsAdoption
20260806095000_AddApArCrossCurrencySettlement
20260806143000_AddLineScopedCrossCurrencyDeductions
20260807135347_AddFixedAssetCapitalizationReversalControls
20260807202000_AddQuantitySurveyConfigurationRegister
20260807233500_FixSupplierEvidencePackBindingLineageTrigger
20260807234500_RecordEverySystemExceptionOccurrence
20260808023000_ExtendProjectBoqQuantitySurveyClassifications
20260808035054_AddQuantitySurveyBoqImportStaging
20260808055534_AddProjectBoqVersionSnapshots
20260808124500_AddProjectBoqApprovalPublication
20260808131857_AddRecurringJournalProductionLifecycle
20260808143557_AddQuantitySurveyTenderBoqSubmissions
20260808155330_AddQuantitySurveyRateLibrary
20260808172100_AddQuantitySurveyMarketSurveyLineage
20260808175914_AddFinanceBudgetRevisionControls
20260808215000_AddEstateFacilityDutyRoster
20260808215325_AddQuantitySurveyHistoricalRatePromotion
20260808231322_AddQuantitySurveyRateBuildUps
20260808232712_AddArCollectionFollowUpWorkspace
20260809002001_AddQuantitySurveyEstimateVersions
20260809003309_AddFinanceReportAutomation
20260809093427_AddFinanceAdHocReportBuilder
20260809122817_AddFixedAssetDepreciationReversalControls
20260809152905_AddQuantitySurveyEscalationFormulaRegister
20260809165157_AddQuantitySurveyPriceIndexImportWorkflow
20260809170000_AddStandardsAlignedDepreciationMethods
20260809173500_AllowControlledSupplierApplicantContactCorrection
20260809193000_AddFixedAssetValuationCorrectionControls
20260809204500_AllowPreProvisioningSupplierContactCorrection
20260809221500_AddQuantitySurveyEscalationCalculationRuns
20260809223000_AddFixedAssetGlReclassificationControls
20260810005756_AddQuantitySurveyEscalationDisputes
20260810023000_AddQuantitySurveyMeasurementSheets
20260810040000_AddProjectBoqRemeasurementWorkflow
20260810041753_AddQuantitySurveyJointMeasurements
20260810103259_AddQuantitySurveyDesignRevisionImpacts
20260810120000_AddFixedAssetDisposalRevaluationSurplusPolicy
20260810120000_InsertLandAcquisitionVendorPaymentStage
20260810121810_AddQuantitySurveyValuationWorksheets
20260810134646_AddQuantitySurveyInterimValuationWorkflow
20260810143000_AddFixedAssetDisposalDateDepreciation
20260810154236_AddQuantitySurveyPaymentCertificateLifecycle
20260810160000_AddFixedAssetPartialComponentDisposal
20260810165005_AddQuantitySurveyRetentionReleaseLifecycle
20260810185711_AddQuantitySurveyAdvanceRecoveryLifecycle
20260810200000_AddFinanceLedgerPerformanceIndex
20260810202208_AddQuantitySurveyFinalAccountLifecycle
20260810223350_AddQuantitySurveyMaterialReconciliationLifecycle
20260810234912_AddQuantitySurveyVariationLifecycle
20260811010013_AddQuantitySurveyContractClaimLifecycle
20260811013838_AddQuantitySurveyDayworkLifecycle
20260811022852_AddQuantitySurveyVariationApplications
20260811043000_ExtendWorksContractCommercialTerms
20260811050412_AddQuantitySurveySubcontractLifecycle
20260811061000_HardenQuantitySurveySubcontractCertificates
20260811063100_AddQuantitySurveySubcontractChargeLifecycle
20260811160000_AddFixedAssetForeignCurrencyDisposalProceeds
20260812053000_AddSpecializedSubledgerOpeningCutover
20260812100000_HardenProcurementCommitmentLifecycle
20260812113000_AddCategoryAwareAcceptedSupply
20260812140000_GovernEmergencyPurchaseExceptions
20260812153000_AddProcurementOperationalReportCatalogue
20260812170000_ExtendControlledSourcingMethods
20260812195409_INVREQFU001GovernedReceiptSourceEvidence
20260813063001_INVREQFU002MaintenanceReservationLifecycle
20260813103000_AddFixedAssetDisposalSettlement
20260813103157_INVREQFU003IssueFinanceAssetLifecycle
20260813143000_INVREQFU003ReturnReversalAllocationGate
20260813150000_INVREQFU003AllowPostedFullReturnReversal
20260813171000_INVREQFU004RequireCleanTransferEvidence
20260814103000_AddProcurementFixedAssetCapitalization
20260814123000_INVREQFU004PolicySupersessionAndGhanepsMappingReuse
20260814124000_INVREQFU004AllowExplicitPolicySupersession
20260814143000_INVREQFU004AllowDraftInspectionWorkflowRebind
20260814205757_AddCivilEngineeringConfigurationLifecycle
20260814234022_AddCivilEngineeringDesignWorkflow
20260815005453_AddCivilEngineeringReconnaissance
20260815031044_AddCivilEngineeringDesignInputRequests
20260815135156_AddCivilEngineeringDocumentRegister
20260818103000_AddSupplierDebitNoteLifecycleAndApplications
20260818123000_WidenSupplierDebitNoteExchangeRatePrecision
20260818130000_HardenSupplierDebitNoteLineageIdentityAndSettlement
20260820100000_AddInventoryOpeningStockBook
20260820120000_AddDmsGenerationTemplateWordSource
20260820150000_AddCivilEngineeringProjectEngineerAssignments
20260820170000_AddCivilEngineeringSiteInstructionRouting
20260820190000_AddCivilEngineeringRfiRouting
20260820193000_AddCivilEngineeringQualityTestRegister
20260820213000_AddCivilEngineeringWeeklySupervisionReports
20260820233000_AddCivilEngineeringIpcEndorsements
20260821033000_AddCivilEngineeringMaintenanceIntakes
20260821050000_AddCivilEngineeringMaintenanceAssessments
20260821053000_AddCivilEngineeringMaintenanceCostingHandoffs
20260821060000_AddCivilEngineeringMaintenanceExecutionLinks
20260821063000_AddCivilEngineeringMaintenanceCompletionControls
20260821110000_AddCivilEngineeringDevelopmentApprovalFiles
20260821123000_AddCivilEngineeringDevelopmentApprovalFileHandoffs
20260821143000_AddCivilEngineeringPermittingEngineeringReviews
20260821153000_AddCivilEngineeringPermittingHodDecisions
20260821170000_AddCivilEngineeringDirectTaskControls
20260821180000_AddCivilEngineeringDirectTaskFeedbackWorkflow
20260821190000_AddCivilEngineeringUrgentTaskControls
20260821200000_AddCivilEngineeringMobileFieldFeedback
20260821210000_AddCivilEngineeringMigrationWorkbench
20260821220000_AddCivilEngineeringDmsGovernanceBaseline
20260821230000_AddCivilEngineeringWorksCaseInitiation
20260822000000_AddCivilEngineeringPlanningGisValidation
20260822001000_HardenCivilEngineeringPlanningGisEvidenceBinding
20260822002000_HardenCivilEngineeringSiteInstructionLifecycle
20260822003000_AddCivilEngineeringInspectionControls
20260822003100_HardenCivilEngineeringInspectionAuditActions
20260822003200_GovernCivilWeeklyProgressControls
20260822003300_SnapshotCivilWeeklyMilestoneSchedule
20260822003400_AddCivilEngineeringExtensionOfTimeControls
20260822003500_AddProjectAssetLinkFixedAssetReconciliation
20260822003600_ReconcileCivilEngineeringConfigurationDecisionCatalogue
20260822003700_GovernCivilInspectionPlanWorkflow
20260822120000_BackfillPropertyListingApplicationFields
20260822130000_AddUploadedDocumentTemplateColumns
20260822224500_RepairProcurementBudgetApprovalWorkflowGraph
20260822231500_AddOpeningInvoiceExchangeRateEvidence
20260822235500_AlignMarketSurveySuppliersToBusinessPartners
20260823011000_AllowProcurementBudgetAcrossPlans
20260823222436_AddEstateRentBillingActivation
20260824011831_AddEstateRentalPenaltyTerms
20260824080000_AddFinanceBudgetControlFoundation
20260824113000_AddProcedureCaseDocumentProvider
20260824160000_AddGenericFinanceBudgetCommitmentContract
20260824162000_BackfillPlanLinkedPurchaseRequisitionCostCenters
20260824183000_SimplifyPurchaseRequisitionControls
20260824190000_AddFinanceTransactionDimensions
20260824223000_GrantFinanceReportExportToChiefAccountant
20260825120000_SimplifyProcurementSourcingCaseLineage
20260825141500_AddFinanceControlledDocumentRetention
20260825143000_HardenProcurementPolicyRoleLineage
20260825170000_AllowReleaseOnlyProcurementSourceEntry
20260825190000_AddFinanceDimensionRuleScope
20260825235055_AddFinanceBudgetControlDimensions
20260826013000_AddApVendorInvoiceBudgetEvidence
20260826170000_AllowReleaseOnlyRfqAwardTransition
20260826180000_AllowReleaseOnlyPurchaseOrderSourceLineage
20260826190000_AlignPurchaseOrderCommitmentWithRequisition
20260826210000_AlignPurchaseOrderSourceTriggerWithSupportedRoutes
20260827090000_AlignSupplierOnboardingPartnerCategories
20260827211500_AlignRfqCommercialIdentityWithReceiptItemMaster
20260827230500_AllowReceiptDocumentDefaultsWithAuditLineage
20260828190000_AlignProcurementReservationAndFormalCommitmentLifecycle
20260828191500_AddPurchaseRequisitionDmsGovernance
20260829160000_AddQuantitySurveyEstimateSourceSnapshots
20260829170000_AddPurchaseRequisitionLinePlanItemLineage
20260829210000_EnforceAtomicPurchaseOrderBudgetCommitment
20260829234500_AddRfqSupplierInvitationOpenedLifecycle
20260830143000_AddJournalApprovalWithdrawalMetadata
20260830193635_AddFinanceDimensionSourceInfrastructure
20260830232009_AddFinanceSourceDimensionsToApAr
20260831153000_AddFixedAssetCapitalizationApprovalSnapshot
20260831194500_GrantTenderPaymentVerificationPermission
20260831203000_AddTenderFeeFinancePostingLineage
20260831231434_AddFinanceSettlementDimensions
20260831234500_RetireLegacyOpeningBalanceAutoRouting
20260901003000_AddOpeningBalanceBatchReversals
20260901033000_AllowGovernedTenderLineageRecovery
20260902070000_AddFinanceSourceLineReadinessEvidence
20260902080000_AddRecurringJournalAutomaticReversalControl
20260902140000_AddFixedAssetDepreciationConventionEvidence
20260903044911_FinanceBookClassificationFoundation
20260903120000_EnforceFinanceClassificationSystemRoleCardinality
20260903130000_AddFinancialStatementClassificationSnapshots
20260903190453_AddBookScopedFxRevaluationPolicy
20260904003118_AddGovernedAccountSegmentIdentity
Pending status not shown. Unable to determine which migrations have been applied. This can happen when your project uses a version of Entity Framework Core lower than 5.0.0 or when an error occurs while accessing the database.
